// Jest Snapshot v1, https://goo.gl/fbAQLP

exports[`LoginComponent If the page renders 1`] = `undefined`;
